// Jest Snapshot v1, https://goo.gl/fbAQLP

exports[`should render 1`] = `
<div
  className="sc-bdVaJa dpXQOA"
>
  <select
    className=""
    id="prefix"
    name="prefix"
    onChange={[Function]}
    style={Object {}}
  >
    <option
      value="null"
    >
      Prefix
    </option>
    <option
      value={0}
    >
      1st Lt
    </option>
    <option
      value={1}
    >
      Adm
    </option>
    <option
      value={2}
    >
      Atty
    </option>
    <option
      value={3}
    >
      Brother
    </option>
    <option
      value={4}
    >
      Capt
    </option>
    <option
      value={5}
    >
      Chief
    </option>
    <option
      value={6}
    >
      Cmdr
    </option>
    <option
      value={7}
    >
      Col
    </option>
    <option
      value={8}
    >
      Dean
    </option>
    <option
      value={9}
    >
      Dr
    </option>
    <option
      value={10}
    >
      Elder
    </option>
    <option
      value={11}
    >
      Father
    </option>
    <option
      value={12}
    >
      Gen
    </option>
    <option
      value={13}
    >
      Gov
    </option>
    <option
      value={14}
    >
      Hon
    </option>
    <option
      value={15}
    >
      Lt Col
    </option>
    <option
      value={16}
    >
      Maj
    </option>
    <option
      value={17}
    >
      MSgt
    </option>
    <option
      value={18}
    >
      Mr
    </option>
    <option
      value={19}
    >
      Mrs
    </option>
    <option
      value={20}
    >
      Ms
    </option>
    <option
      value={21}
    >
      Prince
    </option>
    <option
      value={22}
    >
      Prof
    </option>
    <option
      value={23}
    >
      Rabbi
    </option>
    <option
      value={24}
    >
      Rev
    </option>
    <option
      value={25}
    >
      Sister
    </option>
  </select>
</div>
`;
